---
http_interactions:
- request:
    method: get
    uri: http://maps.googleapis.com/maps/api/geocode/json?language=en&latlng=44.960562,13.123123&sensor=false
    body:
      encoding: US-ASCII
      string: ''
    headers:
      Accept-Encoding:
      - gzip;q=1.0,deflate;q=0.6,identity;q=0.3
      Accept:
      - "*/*"
      User-Agent:
      - Ruby
  response:
    status:
      code: 200
      message: OK
    headers:
      Content-Type:
      - application/json; charset=UTF-8
      Date:
      - Fri, 11 Mar 2016 13:07:29 GMT
      Expires:
      - Sat, 12 Mar 2016 13:07:29 GMT
      Cache-Control:
      - public, max-age=86400
      Access-Control-Allow-Origin:
      - "*"
      Server:
      - mafe
      Content-Length:
      - '65'
      X-Xss-Protection:
      - 1; mode=block
      X-Frame-Options:
      - SAMEORIGIN
    body:
      encoding: ASCII-8BIT
      string: |
        {
           "results" : [],
           "status" : "ZERO_RESULTS"
        }
    http_version: 
  recorded_at: Fri, 11 Mar 2016 13:07:29 GMT
- request:
    method: get
    uri: http://maps.googleapis.com/maps/api/geocode/json?language=en&latlng=44.960562,13.123123&sensor=false
    body:
      encoding: US-ASCII
      string: ''
    headers:
      Accept-Encoding:
      - gzip;q=1.0,deflate;q=0.6,identity;q=0.3
      Accept:
      - "*/*"
      User-Agent:
      - Ruby
  response:
    status:
      code: 200
      message: OK
    headers:
      Content-Type:
      - application/json; charset=UTF-8
      Date:
      - Fri, 11 Mar 2016 13:07:29 GMT
      Expires:
      - Sat, 12 Mar 2016 13:07:29 GMT
      Cache-Control:
      - public, max-age=86400
      Access-Control-Allow-Origin:
      - "*"
      Server:
      - mafe
      Content-Length:
      - '65'
      X-Xss-Protection:
      - 1; mode=block
      X-Frame-Options:
      - SAMEORIGIN
    body:
      encoding: ASCII-8BIT
      string: |
        {
           "results" : [],
           "status" : "ZERO_RESULTS"
        }
    http_version: 
  recorded_at: Fri, 11 Mar 2016 13:07:29 GMT
- request:
    method: get
    uri: http://maps.googleapis.com/maps/api/geocode/json?language=en&latlng=44.960562,13.123123&sensor=false
    body:
      encoding: US-ASCII
      string: ''
    headers:
      Accept-Encoding:
      - gzip;q=1.0,deflate;q=0.6,identity;q=0.3
      Accept:
      - "*/*"
      User-Agent:
      - Ruby
  response:
    status:
      code: 200
      message: OK
    headers:
      Content-Type:
      - application/json; charset=UTF-8
      Date:
      - Fri, 11 Mar 2016 13:07:29 GMT
      Expires:
      - Sat, 12 Mar 2016 13:07:29 GMT
      Cache-Control:
      - public, max-age=86400
      Access-Control-Allow-Origin:
      - "*"
      Server:
      - mafe
      Content-Length:
      - '65'
      X-Xss-Protection:
      - 1; mode=block
      X-Frame-Options:
      - SAMEORIGIN
    body:
      encoding: ASCII-8BIT
      string: |
        {
           "results" : [],
           "status" : "ZERO_RESULTS"
        }
    http_version: 
  recorded_at: Fri, 11 Mar 2016 13:07:29 GMT
- request:
    method: get
    uri: http://maps.googleapis.com/maps/api/geocode/json?language=en&latlng=44.960562,13.123123&sensor=false
    body:
      encoding: US-ASCII
      string: ''
    headers:
      Accept-Encoding:
      - gzip;q=1.0,deflate;q=0.6,identity;q=0.3
      Accept:
      - "*/*"
      User-Agent:
      - Ruby
  response:
    status:
      code: 200
      message: OK
    headers:
      Content-Type:
      - application/json; charset=UTF-8
      Date:
      - Fri, 11 Mar 2016 13:07:30 GMT
      Expires:
      - Sat, 12 Mar 2016 13:07:30 GMT
      Cache-Control:
      - public, max-age=86400
      Access-Control-Allow-Origin:
      - "*"
      Server:
      - mafe
      Content-Length:
      - '65'
      X-Xss-Protection:
      - 1; mode=block
      X-Frame-Options:
      - SAMEORIGIN
    body:
      encoding: ASCII-8BIT
      string: |
        {
           "results" : [],
           "status" : "ZERO_RESULTS"
        }
    http_version: 
  recorded_at: Fri, 11 Mar 2016 13:07:30 GMT
- request:
    method: get
    uri: http://maps.googleapis.com/maps/api/geocode/json?language=en&latlng=44.960562,13.123123&sensor=false
    body:
      encoding: US-ASCII
      string: ''
    headers:
      Accept-Encoding:
      - gzip;q=1.0,deflate;q=0.6,identity;q=0.3
      Accept:
      - "*/*"
      User-Agent:
      - Ruby
  response:
    status:
      code: 200
      message: OK
    headers:
      Content-Type:
      - application/json; charset=UTF-8
      Date:
      - Fri, 11 Mar 2016 13:07:30 GMT
      Expires:
      - Sat, 12 Mar 2016 13:07:30 GMT
      Cache-Control:
      - public, max-age=86400
      Access-Control-Allow-Origin:
      - "*"
      Server:
      - mafe
      Content-Length:
      - '65'
      X-Xss-Protection:
      - 1; mode=block
      X-Frame-Options:
      - SAMEORIGIN
    body:
      encoding: ASCII-8BIT
      string: |
        {
           "results" : [],
           "status" : "ZERO_RESULTS"
        }
    http_version: 
  recorded_at: Fri, 11 Mar 2016 13:07:30 GMT
- request:
    method: get
    uri: http://maps.googleapis.com/maps/api/geocode/json?language=en&latlng=44.960562,13.123123&sensor=false
    body:
      encoding: US-ASCII
      string: ''
    headers:
      Accept-Encoding:
      - gzip;q=1.0,deflate;q=0.6,identity;q=0.3
      Accept:
      - "*/*"
      User-Agent:
      - Ruby
  response:
    status:
      code: 200
      message: OK
    headers:
      Content-Type:
      - application/json; charset=UTF-8
      Date:
      - Fri, 11 Mar 2016 13:07:30 GMT
      Expires:
      - Sat, 12 Mar 2016 13:07:30 GMT
      Cache-Control:
      - public, max-age=86400
      Access-Control-Allow-Origin:
      - "*"
      Server:
      - mafe
      Content-Length:
      - '65'
      X-Xss-Protection:
      - 1; mode=block
      X-Frame-Options:
      - SAMEORIGIN
    body:
      encoding: ASCII-8BIT
      string: |
        {
           "results" : [],
           "status" : "ZERO_RESULTS"
        }
    http_version: 
  recorded_at: Fri, 11 Mar 2016 13:07:30 GMT
- request:
    method: get
    uri: http://maps.googleapis.com/maps/api/geocode/json?language=en&latlng=44.960562,13.123123&sensor=false
    body:
      encoding: US-ASCII
      string: ''
    headers:
      Accept-Encoding:
      - gzip;q=1.0,deflate;q=0.6,identity;q=0.3
      Accept:
      - "*/*"
      User-Agent:
      - Ruby
  response:
    status:
      code: 200
      message: OK
    headers:
      Content-Type:
      - application/json; charset=UTF-8
      Date:
      - Fri, 11 Mar 2016 13:07:30 GMT
      Expires:
      - Sat, 12 Mar 2016 13:07:30 GMT
      Cache-Control:
      - public, max-age=86400
      Access-Control-Allow-Origin:
      - "*"
      Server:
      - mafe
      Content-Length:
      - '65'
      X-Xss-Protection:
      - 1; mode=block
      X-Frame-Options:
      - SAMEORIGIN
    body:
      encoding: ASCII-8BIT
      string: |
        {
           "results" : [],
           "status" : "ZERO_RESULTS"
        }
    http_version: 
  recorded_at: Fri, 11 Mar 2016 13:07:30 GMT
- request:
    method: get
    uri: http://maps.googleapis.com/maps/api/geocode/json?language=en&latlng=44.960562,13.123123&sensor=false
    body:
      encoding: US-ASCII
      string: ''
    headers:
      Accept-Encoding:
      - gzip;q=1.0,deflate;q=0.6,identity;q=0.3
      Accept:
      - "*/*"
      User-Agent:
      - Ruby
  response:
    status:
      code: 200
      message: OK
    headers:
      Content-Type:
      - application/json; charset=UTF-8
      Date:
      - Fri, 11 Mar 2016 13:07:30 GMT
      Expires:
      - Sat, 12 Mar 2016 13:07:30 GMT
      Cache-Control:
      - public, max-age=86400
      Access-Control-Allow-Origin:
      - "*"
      Server:
      - mafe
      Content-Length:
      - '65'
      X-Xss-Protection:
      - 1; mode=block
      X-Frame-Options:
      - SAMEORIGIN
    body:
      encoding: ASCII-8BIT
      string: |
        {
           "results" : [],
           "status" : "ZERO_RESULTS"
        }
    http_version: 
  recorded_at: Fri, 11 Mar 2016 13:07:30 GMT
- request:
    method: get
    uri: http://maps.googleapis.com/maps/api/geocode/json?language=en&latlng=44.960562,13.123123&sensor=false
    body:
      encoding: US-ASCII
      string: ''
    headers:
      Accept-Encoding:
      - gzip;q=1.0,deflate;q=0.6,identity;q=0.3
      Accept:
      - "*/*"
      User-Agent:
      - Ruby
  response:
    status:
      code: 200
      message: OK
    headers:
      Content-Type:
      - application/json; charset=UTF-8
      Date:
      - Fri, 11 Mar 2016 13:07:30 GMT
      Expires:
      - Sat, 12 Mar 2016 13:07:30 GMT
      Cache-Control:
      - public, max-age=86400
      Access-Control-Allow-Origin:
      - "*"
      Server:
      - mafe
      Content-Length:
      - '65'
      X-Xss-Protection:
      - 1; mode=block
      X-Frame-Options:
      - SAMEORIGIN
    body:
      encoding: ASCII-8BIT
      string: |
        {
           "results" : [],
           "status" : "ZERO_RESULTS"
        }
    http_version: 
  recorded_at: Fri, 11 Mar 2016 13:07:30 GMT
- request:
    method: get
    uri: http://maps.googleapis.com/maps/api/geocode/json?language=en&latlng=44.960562,13.123123&sensor=false
    body:
      encoding: US-ASCII
      string: ''
    headers:
      Accept-Encoding:
      - gzip;q=1.0,deflate;q=0.6,identity;q=0.3
      Accept:
      - "*/*"
      User-Agent:
      - Ruby
  response:
    status:
      code: 200
      message: OK
    headers:
      Content-Type:
      - application/json; charset=UTF-8
      Date:
      - Fri, 11 Mar 2016 13:07:30 GMT
      Expires:
      - Sat, 12 Mar 2016 13:07:30 GMT
      Cache-Control:
      - public, max-age=86400
      Access-Control-Allow-Origin:
      - "*"
      Server:
      - mafe
      Content-Length:
      - '65'
      X-Xss-Protection:
      - 1; mode=block
      X-Frame-Options:
      - SAMEORIGIN
    body:
      encoding: ASCII-8BIT
      string: |
        {
           "results" : [],
           "status" : "ZERO_RESULTS"
        }
    http_version: 
  recorded_at: Fri, 11 Mar 2016 13:07:30 GMT
- request:
    method: get
    uri: http://maps.googleapis.com/maps/api/geocode/json?language=en&latlng=44.960562,13.123123&sensor=false
    body:
      encoding: US-ASCII
      string: ''
    headers:
      Accept-Encoding:
      - gzip;q=1.0,deflate;q=0.6,identity;q=0.3
      Accept:
      - "*/*"
      User-Agent:
      - Ruby
  response:
    status:
      code: 200
      message: OK
    headers:
      Content-Type:
      - application/json; charset=UTF-8
      Date:
      - Fri, 11 Mar 2016 13:07:30 GMT
      Expires:
      - Sat, 12 Mar 2016 13:07:30 GMT
      Cache-Control:
      - public, max-age=86400
      Access-Control-Allow-Origin:
      - "*"
      Server:
      - mafe
      Content-Length:
      - '65'
      X-Xss-Protection:
      - 1; mode=block
      X-Frame-Options:
      - SAMEORIGIN
    body:
      encoding: ASCII-8BIT
      string: |
        {
           "results" : [],
           "status" : "ZERO_RESULTS"
        }
    http_version: 
  recorded_at: Fri, 11 Mar 2016 13:07:30 GMT
- request:
    method: get
    uri: http://maps.googleapis.com/maps/api/geocode/json?language=en&latlng=44.960562,13.123123&sensor=false
    body:
      encoding: US-ASCII
      string: ''
    headers:
      Accept-Encoding:
      - gzip;q=1.0,deflate;q=0.6,identity;q=0.3
      Accept:
      - "*/*"
      User-Agent:
      - Ruby
  response:
    status:
      code: 200
      message: OK
    headers:
      Content-Type:
      - application/json; charset=UTF-8
      Date:
      - Fri, 11 Mar 2016 13:07:30 GMT
      Expires:
      - Sat, 12 Mar 2016 13:07:30 GMT
      Cache-Control:
      - public, max-age=86400
      Access-Control-Allow-Origin:
      - "*"
      Server:
      - mafe
      Content-Length:
      - '65'
      X-Xss-Protection:
      - 1; mode=block
      X-Frame-Options:
      - SAMEORIGIN
    body:
      encoding: ASCII-8BIT
      string: |
        {
           "results" : [],
           "status" : "ZERO_RESULTS"
        }
    http_version: 
  recorded_at: Fri, 11 Mar 2016 13:07:30 GMT
recorded_with: VCR 3.0.1
